Loading db file '/net/dellr900b/export/SMIC_65nm_LL/SCC65NLL_HS/SCC65NLL_HS_LVT_syn_V1.1a/SCC65NLL_HS_LVT_V1p1a/synopsys/1.2v/scc65nll_hs_lvt_tt_v1p2_25c_ccs.db'
Loading db file '/net/dellr900b/export/SMIC_65nm_LL/SCC65NLL_HS/SCC65NLL_HS_HVT_syn_V1.1a/SCC65NLL_HS_HVT_V1p1a/synopsys/1.2v/scc65nll_hs_hvt_tt_v1p2_25c_ccs.db'
Loading db file '/net/dellr900b/export/SMIC_65nm_LL/SCC65NLL_HS/SCC65NLL_HS_RVT_syn_V1.1a/SCC65NLL_HS_RVT_V1p1a/synopsys/1.2v/scc65nll_hs_rvt_tt_v1p2_25c_ccs.db'
Information: Propagating switching activity (low effort zero delay simulation). (PWR-6)
Warning: Design has unannotated primary inputs. (PWR-414)
Warning: Design has unannotated sequential cell outputs. (PWR-415)
 
****************************************
Report : power
        -analysis_effort low
Design : top
Version: I-2013.12-SP3
Date   : Sat Jan  3 18:38:46 2015
****************************************


Library(s) Used:

    scc65nll_hs_lvt_tt_v1p2_25c_ccs (File: /net/dellr900b/export/SMIC_65nm_LL/SCC65NLL_HS/SCC65NLL_HS_LVT_syn_V1.1a/SCC65NLL_HS_LVT_V1p1a/synopsys/1.2v/scc65nll_hs_lvt_tt_v1p2_25c_ccs.db)
    scc65nll_hs_hvt_tt_v1p2_25c_ccs (File: /net/dellr900b/export/SMIC_65nm_LL/SCC65NLL_HS/SCC65NLL_HS_HVT_syn_V1.1a/SCC65NLL_HS_HVT_V1p1a/synopsys/1.2v/scc65nll_hs_hvt_tt_v1p2_25c_ccs.db)
    scc65nll_hs_rvt_tt_v1p2_25c_ccs (File: /net/dellr900b/export/SMIC_65nm_LL/SCC65NLL_HS/SCC65NLL_HS_RVT_syn_V1.1a/SCC65NLL_HS_RVT_V1p1a/synopsys/1.2v/scc65nll_hs_rvt_tt_v1p2_25c_ccs.db)


Operating Conditions: tt_v1p2_25c   Library: scc65nll_hs_lvt_tt_v1p2_25c_ccs
Wire Load Model Mode: top


Global Operating Voltage = 1.2  
Power-specific unit information :
    Voltage Units = 1V
    Capacitance Units = 1.000000pf
    Time Units = 1ns
    Dynamic Power Units = 1mW    (derived from V,C,T units)
    Leakage Power Units = 1uW


  Cell Internal Power  =   2.2283 mW   (98%)
  Net Switching Power  =  42.6516 uW    (2%)
                         ---------
Total Dynamic Power    =   2.2710 mW  (100%)

Cell Leakage Power     =   2.3276 uW


                 Internal         Switching           Leakage            Total
Power Group      Power            Power               Power              Power   (   %    )  Attrs
--------------------------------------------------------------------------------------------------
io_pad             0.0000            0.0000            0.0000            0.0000  (   0.00%)
memory             0.0000            0.0000            0.0000            0.0000  (   0.00%)
black_box          0.0000            0.0000            0.0000            0.0000  (   0.00%)
clock_network      0.0000            0.0000            0.0000            0.0000  (   0.00%)
register           2.1834        4.9975e-03            1.1076            2.1895  (  96.31%)
sequential         0.0000            0.0000            0.0000            0.0000  (   0.00%)
combinational  4.4922e-02        3.7654e-02            1.2199        8.3796e-02  (   3.69%)
--------------------------------------------------------------------------------------------------
Total              2.2283 mW     4.2652e-02 mW         2.3276 uW         2.2733 mW
1
