 
****************************************
Report : constraint
        -all_violators
        -verbose
Design : top
Version: I-2013.12-SP3
Date   : Sat Jan  3 18:38:22 2015
****************************************


    Net: n649 (dont_touch)

    max_capacitance        0.02
  - Capacitance            0.03
  ------------------------------
    Slack                 -0.01  (VIOLATED)


    Net: n547 (dont_touch)

    max_capacitance        0.02
  - Capacitance            0.03
  ------------------------------
    Slack                 -0.01  (VIOLATED)


    Net: n1539 (dont_touch)

    max_capacitance        0.02
  - Capacitance            0.02
  ------------------------------
    Slack                  0.00  (VIOLATED: increase significant digits)


    Net: n872 (dont_touch)

    max_capacitance        0.02
  - Capacitance            0.02
  ------------------------------
    Slack                  0.00  (VIOLATED: increase significant digits)


    Net: n1537 (dont_touch)

    max_capacitance        0.02
  - Capacitance            0.02
  ------------------------------
    Slack                  0.00  (VIOLATED: increase significant digits)


    Net: n873 (dont_touch)

    max_capacitance        0.02
  - Capacitance            0.02
  ------------------------------
    Slack                  0.00  (VIOLATED: increase significant digits)


    Net: n1538 (dont_touch)

    max_capacitance        0.02
  - Capacitance            0.02
  ------------------------------
    Slack                  0.00  (VIOLATED: increase significant digits)


    Net: n874 (dont_touch)

    max_capacitance        0.02
  - Capacitance            0.02
  ------------------------------
    Slack                  0.00  (VIOLATED: increase significant digits)


    Net: C1_N80 (dont_touch)

    Capacitance            0.00
  - min_capacitance        0.00
  ------------------------------
    Slack                  0.00  (VIOLATED: increase significant digits)


    Net: n1818 (dont_touch)

    Capacitance            0.00
  - min_capacitance        0.00
  ------------------------------
    Slack                  0.00  (VIOLATED: increase significant digits)


    Net: n1840 (dont_touch)

    Capacitance            0.00
  - min_capacitance        0.00
  ------------------------------
    Slack                  0.00  (VIOLATED: increase significant digits)


    Design: top

    max_area               0.00
  - Current Area        4257.00
  ------------------------------
    Slack              -4257.00  (VIOLATED)


1
