 
****************************************
Report : area
Design : top
Version: I-2013.12-SP3
Date   : Sat Jan  3 18:38:22 2015
****************************************

Library(s) Used:

    scc65nll_hs_lvt_tt_v1p2_25c_ccs (File: /net/dellr900b/export/SMIC_65nm_LL/SCC65NLL_HS/SCC65NLL_HS_LVT_syn_V1.1a/SCC65NLL_HS_LVT_V1p1a/synopsys/1.2v/scc65nll_hs_lvt_tt_v1p2_25c_ccs.db)
    scc65nll_hs_hvt_tt_v1p2_25c_ccs (File: /net/dellr900b/export/SMIC_65nm_LL/SCC65NLL_HS/SCC65NLL_HS_HVT_syn_V1.1a/SCC65NLL_HS_HVT_V1p1a/synopsys/1.2v/scc65nll_hs_hvt_tt_v1p2_25c_ccs.db)
    scc65nll_hs_rvt_tt_v1p2_25c_ccs (File: /net/dellr900b/export/SMIC_65nm_LL/SCC65NLL_HS/SCC65NLL_HS_RVT_syn_V1.1a/SCC65NLL_HS_RVT_V1p1a/synopsys/1.2v/scc65nll_hs_rvt_tt_v1p2_25c_ccs.db)

Number of ports:                           66
Number of nets:                          1463
Number of cells:                         1415
Number of combinational cells:           1193
Number of sequential cells:               222
Number of macros/black boxes:               0
Number of buf/inv:                        343
Number of references:                     131

Combinational area:               2522.160018
Buf/Inv area:                      371.160015
Noncombinational area:            1734.839965
Macro/Black Box area:                0.000000
Net Interconnect area:      undefined  (No wire load specified)

Total cell area:                  4256.999982
Total area:                 undefined
1
